$ docker compose up -d --wait --wait-timeout 420

 Container ecoradar-alertas-service-1 Running 
 Container ecoradar-sensor-simulator-1 Running 
 Container ecoradar-relatorios-service-1 Running 
 Container ecoradar-gateway-1 Running 
 Container ecoradar-postgres-1 Running 
 Container ecoradar-auth-service-1 Running 
 Container ecoradar-rabbitmq-1 Running 
 Container ecoradar-ambiental-service-1 Running 
 Container ecoradar-ocorrencias-service-2-1 Recreate 
 Container ecoradar-ocorrencias-service-1-1 Recreate 
 Container ecoradar-ocorrencias-service-2-1 Recreated 
 Container ecoradar-ocorrencias-service-1-1 Recreated 
 Container ecoradar-postgres-1 Waiting 
 Container ecoradar-rabbitmq-1 Waiting 
 Container ecoradar-postgres-1 Waiting 
 Container ecoradar-rabbitmq-1 Waiting 
 Container ecoradar-postgres-1 Waiting 
 Container ecoradar-rabbitmq-1 Waiting 
 Container ecoradar-rabbitmq-1 Waiting 
 Container ecoradar-rabbitmq-1 Waiting 
 Container ecoradar-rabbitmq-1 Waiting 
 Container ecoradar-postgres-1 Waiting 
 Container ecoradar-rabbitmq-1 Waiting 
 Container ecoradar-postgres-1 Waiting 
 Container ecoradar-postgres-1 Waiting 
 Container ecoradar-postgres-1 Healthy 
 Container ecoradar-postgres-1 Healthy 
 Container ecoradar-rabbitmq-1 Healthy 
 Container ecoradar-rabbitmq-1 Healthy 
 Container ecoradar-postgres-1 Healthy 
 Container ecoradar-rabbitmq-1 Healthy 
 Container ecoradar-postgres-1 Healthy 
 Container ecoradar-postgres-1 Healthy 
 Container ecoradar-ocorrencias-service-1-1 Starting 
 Container ecoradar-rabbitmq-1 Healthy 
 Container ecoradar-rabbitmq-1 Healthy 
 Container ecoradar-rabbitmq-1 Healthy 
 Container ecoradar-postgres-1 Healthy 
 Container ecoradar-rabbitmq-1 Healthy 
 Container ecoradar-ocorrencias-service-2-1 Starting 
 Container ecoradar-ocorrencias-service-1-1 Started 
 Container ecoradar-ocorrencias-service-2-1 Started 
 Container ecoradar-ocorrencias-service-2-1 Waiting 
 Container ecoradar-ambiental-service-1 Waiting 
 Container ecoradar-alertas-service-1 Waiting 
 Container ecoradar-relatorios-service-1 Waiting 
 Container ecoradar-sensor-simulator-1 Waiting 
 Container ecoradar-auth-service-1 Waiting 
 Container ecoradar-ocorrencias-service-1-1 Waiting 
 Container ecoradar-sensor-simulator-1 Healthy 
 Container ecoradar-alertas-service-1 Healthy 
 Container ecoradar-ambiental-service-1 Healthy 
 Container ecoradar-relatorios-service-1 Healthy 
 Container ecoradar-auth-service-1 Healthy 
 Container ecoradar-ocorrencias-service-1-1 Healthy 
 Container ecoradar-ocorrencias-service-2-1 Healthy 
 Container ecoradar-ambiental-service-1 Waiting 
 Container ecoradar-gateway-1 Waiting 
 Container ecoradar-alertas-service-1 Waiting 
 Container ecoradar-auth-service-1 Waiting 
 Container ecoradar-rabbitmq-1 Waiting 
 Container ecoradar-ocorrencias-service-2-1 Waiting 
 Container ecoradar-postgres-1 Waiting 
 Container ecoradar-sensor-simulator-1 Waiting 
 Container ecoradar-relatorios-service-1 Waiting 
 Container ecoradar-ocorrencias-service-1-1 Waiting 
 Container ecoradar-sensor-simulator-1 Healthy 
 Container ecoradar-auth-service-1 Healthy 
 Container ecoradar-ocorrencias-service-1-1 Healthy 
 Container ecoradar-alertas-service-1 Healthy 
 Container ecoradar-gateway-1 Healthy 
 Container ecoradar-postgres-1 Healthy 
 Container ecoradar-ocorrencias-service-2-1 Healthy 
 Container ecoradar-ambiental-service-1 Healthy 
 Container ecoradar-rabbitmq-1 Healthy 
 Container ecoradar-relatorios-service-1 Healthy 
